2026-01-29 15:01:03,347 INFO Введена информация о породе corgi
2026-01-29 15:01:04,670 INFO Ссылка на картинку https://images.dog.ceo/breeds/corgi-cardigan/n02113186_7353.jpg породы corgi
2026-01-29 15:01:04,671 INFO Название картинки = n02113186_7353.jpg
2026-01-29 15:01:06,216 INFO Создана папка corgi по пути Backup/
2026-01-29 15:01:07,504 INFO Загружена картинка corgi_n02113186_7353.jpg на Яндекс Диск
2026-01-29 15:01:08,657 INFO Информация о под-породе(-ах) ['cardigan']
2026-01-29 15:01:09,746 INFO Ссылка на картинку https://images.dog.ceo/breeds/corgi-cardigan/n02113186_13413.jpg под-породы cardigan
2026-01-29 15:01:11,111 INFO Загружена картинка n02113186_13413.jpg на Яндекс Диск под наименованием cardigan_n02113186_13413.jpg
2026-01-29 15:01:11,111 INFO Конец программы
2026-01-29 15:01:37,244 INFO Введена информация о породе spaniel
2026-01-29 15:01:38,412 INFO Ссылка на картинку https://images.dog.ceo/breeds/spaniel-japanese/n02085782_2074.jpg породы spaniel
2026-01-29 15:01:38,412 INFO Название картинки = n02085782_2074.jpg
2026-01-29 15:01:39,921 INFO Создана папка spaniel по пути Backup/
2026-01-29 15:01:41,212 INFO Загружена картинка spaniel_n02085782_2074.jpg на Яндекс Диск
2026-01-29 15:01:42,278 INFO Информация о под-породе(-ах) ['blenheim', 'brittany', 'cocker', 'irish', 'japanese', 'sussex', 'welsh']
2026-01-29 15:01:43,365 INFO Ссылка на картинку https://images.dog.ceo/breeds/spaniel-blenheim/n02086646_618.jpg под-породы blenheim
2026-01-29 15:01:44,732 INFO Загружена картинка n02086646_618.jpg на Яндекс Диск под наименованием blenheim_n02086646_618.jpg
2026-01-29 15:01:45,897 INFO Ссылка на картинку https://images.dog.ceo/breeds/spaniel-brittany/n02101388_3762.jpg под-породы brittany
2026-01-29 15:01:47,274 INFO Загружена картинка n02101388_3762.jpg на Яндекс Диск под наименованием brittany_n02101388_3762.jpg
2026-01-29 15:01:48,366 INFO Ссылка на картинку https://images.dog.ceo/breeds/spaniel-cocker/n02102318_1458.jpg под-породы cocker
2026-01-29 15:01:49,881 INFO Загружена картинка n02102318_1458.jpg на Яндекс Диск под наименованием cocker_n02102318_1458.jpg
2026-01-29 15:01:51,034 INFO Ссылка на картинку https://images.dog.ceo/breeds/spaniel-irish/n02102973_2295.jpg под-породы irish
2026-01-29 15:01:52,305 INFO Загружена картинка n02102973_2295.jpg на Яндекс Диск под наименованием irish_n02102973_2295.jpg
2026-01-29 15:01:53,374 INFO Ссылка на картинку https://images.dog.ceo/breeds/spaniel-japanese/n02085782_3071.jpg под-породы japanese
2026-01-29 15:01:54,819 INFO Загружена картинка n02085782_3071.jpg на Яндекс Диск под наименованием japanese_n02085782_3071.jpg
2026-01-29 15:01:55,953 INFO Ссылка на картинку https://images.dog.ceo/breeds/spaniel-sussex/n02102480_8002.jpg под-породы sussex
2026-01-29 15:01:57,386 INFO Загружена картинка n02102480_8002.jpg на Яндекс Диск под наименованием sussex_n02102480_8002.jpg
2026-01-29 15:01:58,515 INFO Ссылка на картинку https://images.dog.ceo/breeds/spaniel-welsh/n02102177_3917.jpg под-породы welsh
2026-01-29 15:02:00,756 INFO Загружена картинка n02102177_3917.jpg на Яндекс Диск под наименованием welsh_n02102177_3917.jpg
2026-01-29 15:02:00,757 INFO Конец программы
